<?xml version="1.0" encoding="UTF-8"?>
<testsuites name="jest tests" tests="2" failures="0" errors="0" time="2.412">
  <testsuite name="undefined" errors="0" failures="0" skipped="0" timestamp="2023-04-26T23:25:04" time="1.677" tests="2">
    <testcase classname=" Displays the correct UI on render" name=" Displays the correct UI on render" time="0.056">
    </testcase>
    <testcase classname=" Adds a todo successfully" name=" Adds a todo successfully" time="0.058">
    </testcase>
  </testsuite>
</testsuites>